Job ID: 829125
Running on host: r817u09n04.misha.ycrc.yale.edu
Started at: Thu Oct 16 17:43:25 EDT 2025
CPUs allocated: 32
Memory allocated: 102400 MB
========================================
Starting BPE training...
Input: data/owt_train.txt
Vocab size: 32000
Output: results/OpenWebText/owt_tokenizer
========================================
Reading file 'data/owt_train.txt'...
Chunking file for parallel processing with 64 workers...
Starting parallel pre-tokenization...
Pre-tokenization complete. Found 6601892 unique words.
Starting BPE merge process for 31743 merges...
Merge 100/31743 complete.
Merge 200/31743 complete.
Merge 300/31743 complete.
Merge 400/31743 complete.
Merge 500/31743 complete.
Merge 600/31743 complete.
Merge 700/31743 complete.
Merge 800/31743 complete.
Merge 900/31743 complete.
Merge 1000/31743 complete.
Merge 1100/31743 complete.
Merge 1200/31743 complete.
Merge 1300/31743 complete.
Merge 1400/31743 complete.
Merge 1500/31743 complete.
Merge 1600/31743 complete.
Merge 1700/31743 complete.
Merge 1800/31743 complete.
Merge 1900/31743 complete.
Merge 2000/31743 complete.
Merge 2100/31743 complete.
Merge 2200/31743 complete.
Merge 2300/31743 complete.
Merge 2400/31743 complete.
Merge 2500/31743 complete.
Merge 2600/31743 complete.
Merge 2700/31743 complete.
Merge 2800/31743 complete.
Merge 2900/31743 complete.
Merge 3000/31743 complete.
Merge 3100/31743 complete.
Merge 3200/31743 complete.
Merge 3300/31743 complete.
Merge 3400/31743 complete.
Merge 3500/31743 complete.
Merge 3600/31743 complete.
Merge 3700/31743 complete.
Merge 3800/31743 complete.
Merge 3900/31743 complete.
Merge 4000/31743 complete.
Merge 4100/31743 complete.
Merge 4200/31743 complete.
Merge 4300/31743 complete.
Merge 4400/31743 complete.
Merge 4500/31743 complete.
Merge 4600/31743 complete.
Merge 4700/31743 complete.
Merge 4800/31743 complete.
Merge 4900/31743 complete.
Merge 5000/31743 complete.
Merge 5100/31743 complete.
Merge 5200/31743 complete.
Merge 5300/31743 complete.
Merge 5400/31743 complete.
Merge 5500/31743 complete.
Merge 5600/31743 complete.
Merge 5700/31743 complete.
Merge 5800/31743 complete.
Merge 5900/31743 complete.
Merge 6000/31743 complete.
Merge 6100/31743 complete.
Merge 6200/31743 complete.
Merge 6300/31743 complete.
Merge 6400/31743 complete.
Merge 6500/31743 complete.
Merge 6600/31743 complete.
Merge 6700/31743 complete.
Merge 6800/31743 complete.
Merge 6900/31743 complete.
Merge 7000/31743 complete.
Merge 7100/31743 complete.
Merge 7200/31743 complete.
Merge 7300/31743 complete.
Merge 7400/31743 complete.
Merge 7500/31743 complete.
Merge 7600/31743 complete.
Merge 7700/31743 complete.
Merge 7800/31743 complete.
Merge 7900/31743 complete.
Merge 8000/31743 complete.
Merge 8100/31743 complete.
Merge 8200/31743 complete.
Merge 8300/31743 complete.
Merge 8400/31743 complete.
Merge 8500/31743 complete.
Merge 8600/31743 complete.
Merge 8700/31743 complete.
Merge 8800/31743 complete.
Merge 8900/31743 complete.
Merge 9000/31743 complete.
Merge 9100/31743 complete.
Merge 9200/31743 complete.
Merge 9300/31743 complete.
Merge 9400/31743 complete.
Merge 9500/31743 complete.
Merge 9600/31743 complete.
Merge 9700/31743 complete.
Merge 9800/31743 complete.
Merge 9900/31743 complete.
Merge 10000/31743 complete.
Merge 10100/31743 complete.
Merge 10200/31743 complete.
Merge 10300/31743 complete.
Merge 10400/31743 complete.
Merge 10500/31743 complete.
Merge 10600/31743 complete.
Merge 10700/31743 complete.
Merge 10800/31743 complete.
Merge 10900/31743 complete.
Merge 11000/31743 complete.
Merge 11100/31743 complete.
Merge 11200/31743 complete.
Merge 11300/31743 complete.
Merge 11400/31743 complete.
Merge 11500/31743 complete.
Merge 11600/31743 complete.
Merge 11700/31743 complete.
Merge 11800/31743 complete.
Merge 11900/31743 complete.
Merge 12000/31743 complete.
Merge 12100/31743 complete.
Merge 12200/31743 complete.
Merge 12300/31743 complete.
Merge 12400/31743 complete.
Merge 12500/31743 complete.
Merge 12600/31743 complete.
Merge 12700/31743 complete.
Merge 12800/31743 complete.
Merge 12900/31743 complete.
Merge 13000/31743 complete.
Merge 13100/31743 complete.
Merge 13200/31743 complete.
Merge 13300/31743 complete.
Merge 13400/31743 complete.
Merge 13500/31743 complete.
Merge 13600/31743 complete.
Merge 13700/31743 complete.
Merge 13800/31743 complete.
Merge 13900/31743 complete.
Merge 14000/31743 complete.
Merge 14100/31743 complete.
Merge 14200/31743 complete.
Merge 14300/31743 complete.
Merge 14400/31743 complete.
Merge 14500/31743 complete.
Merge 14600/31743 complete.
Merge 14700/31743 complete.
Merge 14800/31743 complete.
Merge 14900/31743 complete.
Merge 15000/31743 complete.
Merge 15100/31743 complete.
Merge 15200/31743 complete.
Merge 15300/31743 complete.
Merge 15400/31743 complete.
Merge 15500/31743 complete.
Merge 15600/31743 complete.
Merge 15700/31743 complete.
Merge 15800/31743 complete.
Merge 15900/31743 complete.
Merge 16000/31743 complete.
Merge 16100/31743 complete.
Merge 16200/31743 complete.
Merge 16300/31743 complete.
Merge 16400/31743 complete.
Merge 16500/31743 complete.
Merge 16600/31743 complete.
Merge 16700/31743 complete.
Merge 16800/31743 complete.
Merge 16900/31743 complete.
Merge 17000/31743 complete.
Merge 17100/31743 complete.
Merge 17200/31743 complete.
Merge 17300/31743 complete.
Merge 17400/31743 complete.
Merge 17500/31743 complete.
Merge 17600/31743 complete.
Merge 17700/31743 complete.
Merge 17800/31743 complete.
Merge 17900/31743 complete.
Merge 18000/31743 complete.
Merge 18100/31743 complete.
Merge 18200/31743 complete.
Merge 18300/31743 complete.
Merge 18400/31743 complete.
Merge 18500/31743 complete.
Merge 18600/31743 complete.
Merge 18700/31743 complete.
Merge 18800/31743 complete.
Merge 18900/31743 complete.
Merge 19000/31743 complete.
Merge 19100/31743 complete.
Merge 19200/31743 complete.
Merge 19300/31743 complete.
Merge 19400/31743 complete.
Merge 19500/31743 complete.
Merge 19600/31743 complete.
Merge 19700/31743 complete.
Merge 19800/31743 complete.
Merge 19900/31743 complete.
Merge 20000/31743 complete.
Merge 20100/31743 complete.
Merge 20200/31743 complete.
Merge 20300/31743 complete.
Merge 20400/31743 complete.
Merge 20500/31743 complete.
Merge 20600/31743 complete.
Merge 20700/31743 complete.
Merge 20800/31743 complete.
Merge 20900/31743 complete.
Merge 21000/31743 complete.
Merge 21100/31743 complete.
Merge 21200/31743 complete.
Merge 21300/31743 complete.
Merge 21400/31743 complete.
Merge 21500/31743 complete.
Merge 21600/31743 complete.
Merge 21700/31743 complete.
Merge 21800/31743 complete.
Merge 21900/31743 complete.
Merge 22000/31743 complete.
Merge 22100/31743 complete.
Merge 22200/31743 complete.
Merge 22300/31743 complete.
Merge 22400/31743 complete.
Merge 22500/31743 complete.
Merge 22600/31743 complete.
Merge 22700/31743 complete.
Merge 22800/31743 complete.
Merge 22900/31743 complete.
Merge 23000/31743 complete.
Merge 23100/31743 complete.
Merge 23200/31743 complete.
Merge 23300/31743 complete.
Merge 23400/31743 complete.
Merge 23500/31743 complete.
Merge 23600/31743 complete.
Merge 23700/31743 complete.
Merge 23800/31743 complete.
Merge 23900/31743 complete.
Merge 24000/31743 complete.
Merge 24100/31743 complete.
Merge 24200/31743 complete.
Merge 24300/31743 complete.
Merge 24400/31743 complete.
Merge 24500/31743 complete.
Merge 24600/31743 complete.
Merge 24700/31743 complete.
Merge 24800/31743 complete.
Merge 24900/31743 complete.
Merge 25000/31743 complete.
Merge 25100/31743 complete.
Merge 25200/31743 complete.
Merge 25300/31743 complete.
Merge 25400/31743 complete.
Merge 25500/31743 complete.
Merge 25600/31743 complete.
Merge 25700/31743 complete.
Merge 25800/31743 complete.
Merge 25900/31743 complete.
Merge 26000/31743 complete.
Merge 26100/31743 complete.
Merge 26200/31743 complete.
Merge 26300/31743 complete.
Merge 26400/31743 complete.
Merge 26500/31743 complete.
Merge 26600/31743 complete.
Merge 26700/31743 complete.
Merge 26800/31743 complete.
Merge 26900/31743 complete.
Merge 27000/31743 complete.
Merge 27100/31743 complete.
Merge 27200/31743 complete.
Merge 27300/31743 complete.
Merge 27400/31743 complete.
Merge 27500/31743 complete.
Merge 27600/31743 complete.
Merge 27700/31743 complete.
Merge 27800/31743 complete.
Merge 27900/31743 complete.
Merge 28000/31743 complete.
Merge 28100/31743 complete.
Merge 28200/31743 complete.
Merge 28300/31743 complete.
Merge 28400/31743 complete.
Merge 28500/31743 complete.
Merge 28600/31743 complete.
Merge 28700/31743 complete.
Merge 28800/31743 complete.
Merge 28900/31743 complete.
Merge 29000/31743 complete.
Merge 29100/31743 complete.
Merge 29200/31743 complete.
Merge 29300/31743 complete.
Merge 29400/31743 complete.
Merge 29500/31743 complete.
Merge 29600/31743 complete.
Merge 29700/31743 complete.
Merge 29800/31743 complete.
Merge 29900/31743 complete.
Merge 30000/31743 complete.
Merge 30100/31743 complete.
Merge 30200/31743 complete.
Merge 30300/31743 complete.
Merge 30400/31743 complete.
Merge 30500/31743 complete.
Merge 30600/31743 complete.
Merge 30700/31743 complete.
Merge 30800/31743 complete.
Merge 30900/31743 complete.
Merge 31000/31743 complete.
Merge 31100/31743 complete.
Merge 31200/31743 complete.
Merge 31300/31743 complete.
Merge 31400/31743 complete.
Merge 31500/31743 complete.
Merge 31600/31743 complete.
Merge 31700/31743 complete.
BPE training finished.
Training completed in 4882.13 seconds.
Vocabulary saved to: results/OpenWebText/owt_tokenizer.vocab.json
Merges saved to: results/OpenWebText/owt_tokenizer.merges.bpe
========================================
Job completed at: Thu Oct 16 19:06:07 EDT 2025
Output files saved to: results/OpenWebText
JobID           JobName  Partition      State    Elapsed     MaxRSS  MaxVMSize 
------------ ---------- ---------- ---------- ---------- ---------- ---------- 
829125          bpe_owt        day    RUNNING   01:22:42                       
829125.batch      batch               RUNNING   01:22:42                       
829125.exte+     extern               RUNNING   01:22:42                       
