Using CPython 3.11.11 interpreter at: /usr/bin/python3
Creating virtual environment at: .venv
Resolved 63 packages in 1ms
   Building cs336-basics @ file:///gpfs/radev/project/cohan/ax46/cs336/cs336-assignment1-basics
Downloading pygments (1.2MiB)
Downloading nvidia-nvjitlink-cu12 (20.1MiB)
Downloading nvidia-cudnn-cu12 (634.0MiB)
Downloading sympy (5.9MiB)
Downloading tiktoken (1.1MiB)
Downloading nvidia-curand-cu12 (53.7MiB)
Downloading numpy (16.2MiB)
Downloading nvidia-nccl-cu12 (179.9MiB)
Downloading nvidia-cublas-cu12 (346.6MiB)
Downloading nvidia-cusolver-cu12 (122.0MiB)
Downloading pydantic-core (1.9MiB)
Downloading nvidia-cuda-cupti-cu12 (13.2MiB)
Downloading nvidia-cusparse-cu12 (197.8MiB)
Downloading torch (731.2MiB)
Downloading networkx (1.9MiB)
Downloading nvidia-cuda-nvrtc-cu12 (23.5MiB)
Downloading nvidia-cusparselt-cu12 (143.1MiB)
Downloading nvidia-cufft-cu12 (201.7MiB)
Downloading triton (241.4MiB)
Downloading ty (8.2MiB)
Downloading wandb (18.7MiB)
 Downloading tiktoken
 Downloading pydantic-core
      Built cs336-basics @ file:///gpfs/radev/project/cohan/ax46/cs336/cs336-assignment1-basics
 Downloading pygments
 Downloading networkx
 Downloading ty
 Downloading nvidia-cuda-cupti-cu12
 Downloading sympy
 Downloading nvidia-nvjitlink-cu12
 Downloading wandb
 Downloading numpy
 Downloading nvidia-cuda-nvrtc-cu12
 Downloading nvidia-curand-cu12
 Downloading nvidia-cusolver-cu12
 Downloading nvidia-cusparselt-cu12
 Downloading nvidia-nccl-cu12
 Downloading nvidia-cusparse-cu12
 Downloading nvidia-cufft-cu12
 Downloading triton
 Downloading nvidia-cublas-cu12
 Downloading nvidia-cudnn-cu12
 Downloading torch
Prepared 60 packages in 54.10s
warning: Failed to hardlink files; falling back to full copy. This may lead to degraded performance.
         If the cache and target directories are on different filesystems, hardlinking may not be supported.
         If this is intentional, set `export UV_LINK_MODE=copy` or use `--link-mode=copy` to suppress this warning.
Installed 60 packages in 22.25s
 + annotated-types==0.7.0
 + certifi==2025.8.3
 + charset-normalizer==3.4.3
 + click==8.2.1
 + cloudpickle==3.1.1
 + cs336-basics==1.0.6 (from file:///gpfs/radev/project/cohan/ax46/cs336/cs336-assignment1-basics)
 + einops==0.8.1
 + einx==0.3.0
 + filelock==3.19.1
 + frozendict==2.4.6
 + fsspec==2025.7.0
 + gitdb==4.0.12
 + gitpython==3.1.45
 + idna==3.10
 + iniconfig==2.1.0
 + jaxtyping==0.3.2
 + jinja2==3.1.6
 + markupsafe==3.0.2
 + mpmath==1.3.0
 + networkx==3.5
 + numpy==2.3.2
 + nvidia-cublas-cu12==12.4.5.8
 + nvidia-cuda-cupti-cu12==12.4.127
 + nvidia-cuda-nvrtc-cu12==12.4.127
 + nvidia-cuda-runtime-cu12==12.4.127
 + nvidia-cudnn-cu12==9.1.0.70
 + nvidia-cufft-cu12==11.2.1.3
 + nvidia-curand-cu12==10.3.5.147
 + nvidia-cusolver-cu12==11.6.1.9
 + nvidia-cusparse-cu12==12.3.1.170
 + nvidia-cusparselt-cu12==0.6.2
 + nvidia-nccl-cu12==2.21.5
 + nvidia-nvjitlink-cu12==12.4.127
 + nvidia-nvtx-cu12==12.4.127
 + packaging==25.0
 + platformdirs==4.4.0
 + pluggy==1.6.0
 + protobuf==6.32.0
 + psutil==7.0.0
 + pydantic==2.11.7
 + pydantic-core==2.33.2
 + pygments==2.19.2
 + pytest==8.4.1
 + pyyaml==6.0.2
 + regex==2025.7.34
 + requests==2.32.5
 + sentry-sdk==2.35.1
 + smmap==5.0.2
 + submitit==1.5.3
 + sympy==1.13.1
 + tiktoken==0.11.0
 + torch==2.6.0
 + tqdm==4.67.1
 + triton==3.2.0
 + ty==0.0.1a19
 + typing-extensions==4.15.0
 + typing-inspection==0.4.1
 + urllib3==2.5.0
 + wadler-lindig==0.1.7
 + wandb==0.21.2
